мая 19 18:05:45 alex-virtualbox NetworkManager[4102]: 2026-05-19 18:05:45 ConnectInteractive details: dbus.Dictionary({}, signature=dbus.Signature('sv'))
мая 19 18:05:45 alex-virtualbox NetworkManager[4102]: 2026-05-19 18:05:45 Connect() called
мая 19 18:05:45 alex-virtualbox NetworkManager[4102]: 2026-05-19 18:05:45 Connect connection: dbus.Dictionary({dbus.String('connection'): dbus.Dictionary({dbus.String('autoconnect'): dbus.Boolean(False, variant_level=1), dbus.String('id'): dbus.String('helloworld-vpn', variant_level=1), dbus.String('permissions'): dbus.Array([], signature=dbus.Signature('s'), variant_level=1), dbus.String('type'): dbus.String('vpn', variant_level=1), dbus.String('uuid'): dbus.String('11111111-2222-3333-4444-555555555555', variant_level=1)}, signature=dbus.Signature('sv')), dbus.String('vpn'): dbus.Dictionary({dbus.String('data'): dbus.Dictionary({dbus.String('gateway'): dbus.String('hello.invalid'), dbus.String('hello'): dbus.String('world')}, signature=dbus.Signature('ss'), variant_level=1), dbus.String('secrets'): dbus.Dictionary({}, signature=dbus.Signature('ss'), variant_level=1), dbus.String('service-type'): dbus.String('org.freedesktop.NetworkManager.helloworld', variant_level=1)}, signature=dbus.Signature('sv')), dbus.String('ipv4'): dbus.Dictionary({dbus.String('address-data'): dbus.Array([], signature=dbus.Signature('a{sv}'), variant_level=1), dbus.String('addresses'): dbus.Array([], signature=dbus.Signature('au'), variant_level=1), dbus.String('method'): dbus.String('auto', variant_level=1), dbus.String('route-data'): dbus.Array([], signature=dbus.Signature('a{sv}'), variant_level=1), dbus.String('routes'): dbus.Array([], signature=dbus.Signature('au'), variant_level=1)}, signature=dbus.Signature('sv')), dbus.String('ipv6'): dbus.Dictionary({dbus.String('addr-gen-mode'): dbus.Int32(2, variant_level=1), dbus.String('address-data'): dbus.Array([], signature=dbus.Signature('a{sv}'), variant_level=1), dbus.String('addresses'): dbus.Array([], signature=dbus.Signature('(ayuay)'), variant_level=1), dbus.String('method'): dbus.String('ignore', variant_level=1), dbus.String('route-data'): dbus.Array([], signature=dbus.Signature('a{sv}'), variant_level=1), dbus.String('routes'): dbus.Array([], signature=dbus.Signature('(ayuayu)'), variant_level=1)}, signature=dbus.Signature('sv')), dbus.String('proxy'): dbus.Dictionary({}, signature=dbus.Signature('sv'))}, signature=dbus.Signature('sa{sv}'))
мая 19 18:05:45 alex-virtualbox NetworkManager[4102]: 2026-05-19 18:05:45 finish_connect()
мая 19 18:05:45 alex-virtualbox NetworkManager[4102]: 2026-05-19 18:05:45 ensure_tun(hello-vpn0)
мая 19 18:05:45 alex-virtualbox NetworkManager[4102]: 2026-05-19 18:05:45 RUN: ip link show hello-vpn0
мая 19 18:05:45 alex-virtualbox NetworkManager[4102]: 2026-05-19 18:05:45 STDERR: Device "hello-vpn0" does not exist.
мая 19 18:05:45 alex-virtualbox NetworkManager[4102]: 2026-05-19 18:05:45 RUN: ip tuntap del dev hello-vpn0 mode tun
мая 19 18:05:45 alex-virtualbox NetworkManager[4034]: <info>  [1779203145.7233] manager: (hello-vpn0): new Tun device (/org/freedesktop/NetworkManager/Devices/3)
мая 19 18:05:45 alex-virtualbox NetworkManager[4102]: 2026-05-19 18:05:45 RUN: ip tuntap add dev hello-vpn0 mode tun
мая 19 18:05:45 alex-virtualbox NetworkManager[4102]: 2026-05-19 18:05:45 RUN: ip link set hello-vpn0 up
мая 19 18:05:45 alex-virtualbox NetworkManager[4034]: <info>  [1779203145.7306] manager: (hello-vpn0): new Tun device (/org/freedesktop/NetworkManager/Devices/4)
мая 19 18:05:45 alex-virtualbox NetworkManager[4102]: 2026-05-19 18:05:45 TUN interface hello-vpn0 created
мая 19 18:05:45 alex-virtualbox NetworkManager[4102]: 2026-05-19 18:05:45 emit Config: dbus.Dictionary({'tundev': dbus.String('hello-vpn0'), 'gateway': dbus.String('127.0.0.1'), 'has-ip4': dbus.Boolean(True), 'has-ip6': dbus.Boolean(False)}, signature=dbus.Signature('sv'))
мая 19 18:05:45 alex-virtualbox NetworkManager[4102]: 2026-05-19 18:05:45 emit Ip4Config: dbus.Dictionary({'address': dbus.UInt32(33619722), 'gateway': dbus.UInt32(16842506), 'ptp': dbus.UInt32(16842506), 'prefix': dbus.UInt32(24), 'dns': dbus.Array([dbus.UInt32(16843009), dbus.UInt32(134744072)], signature=dbus.Signature('u')), 'domains': dbus.Array([dbus.String('~helloworld')], signature=dbus.Signature('s'))}, signature=dbus.Signature('sv'))
мая 19 18:05:45 alex-virtualbox NetworkManager[4102]: 2026-05-19 18:05:45 VPN marked as STARTED
мая 19 18:05:45 alex-virtualbox NetworkManager[4034]: <warn>  [1779203145.7339] vpn[0x564bd7fe1ab0,11111111-2222-3333-4444-555555555555,"helloworld-vpn",if:12,dev:2:(hello-vpn0)]: config: no VPN gateway address received
мая 19 18:05:45 alex-virtualbox NetworkManager[4034]: <warn>  [1779203145.7340] vpn[0x564bd7fe1ab0,11111111-2222-3333-4444-555555555555,"helloworld-vpn",if:12,dev:2:(hello-vpn0)]: did not receive valid IP config information
мая 19 18:05:45 alex-virtualbox NetworkManager[4102]: 2026-05-19 18:05:45 Disconnect() called
мая 19 18:05:45 alex-virtualbox NetworkManager[4102]: 2026-05-19 18:05:45 delete_tun(hello-vpn0)
мая 19 18:05:45 alex-virtualbox NetworkManager[4102]: 2026-05-19 18:05:45 RUN: ip link set hello-vpn0 down
мая 19 18:05:45 alex-virtualbox NetworkManager[4102]: 2026-05-19 18:05:45 RUN: ip tuntap del dev hello-vpn0 mode tun
мая 19 18:05:45 alex-virtualbox NetworkManager[4102]: 2026-05-19 18:05:45 TUN interface hello-vpn0 deleted
мая 19 18:05:46 alex-virtualbox NetworkManager[4102]: 2026-05-19 18:05:46 quit_loop()
мая 19 18:07:19 alex-virtualbox NetworkManager[4034]: <info>  [1779203239.9485] manager: logging: level 'TRACE' domains 'IP4,CORE,DEVICE,DBUS_PROPS,VPN_PLUGIN'
мая 19 18:07:30 alex-virtualbox systemd[1]: Stopping Network Manager...
мая 19 18:07:30 alex-virtualbox NetworkManager[4034]: <info>  [1779203250.3833] caught SIGTERM, shutting down normally.
мая 19 18:07:30 alex-virtualbox NetworkManager[4034]: <trace> [1779203250.3834] config: device-state: write #1 (/run/NetworkManager/devices/1); managed=managed, connection-uuid=f00c6a82-2573-49fd-9473-dec5fef1fec8, perm-hw-addr-fake=00:00:00:00:00:00, route-metric-default=30-30
мая 19 18:07:30 alex-virtualbox NetworkManager[4034]: <trace> [1779203250.3834] config: device-state: write #2 (/run/NetworkManager/devices/2); managed=managed, connection-uuid=b1bde0df-5949-3b71-99da-b76437bcfe60, route-metric-default=100-100
мая 19 18:07:30 alex-virtualbox NetworkManager[4034]: <debug> [1779203250.3834] manager: (lo): removing device (managed 1, wol 0)
мая 19 18:07:30 alex-virtualbox NetworkManager[4034]: <trace> [1779203250.3838] dbus-object[91cbe54621fdcbe0]: unexport: "/org/freedesktop/NetworkManager/Devices/1"
мая 19 18:07:30 alex-virtualbox NetworkManager[4034]: <debug> [1779203250.3839] manager: (enp0s3): removing device (managed 1, wol 0)
мая 19 18:07:30 alex-virtualbox NetworkManager[4034]: <debug> [1779203250.3839] device[2a0208b3b733bc00] (enp0s3): ip:dhcp4: set state none (was done)
мая 19 18:07:30 alex-virtualbox NetworkManager[4034]: <trace> [1779203250.3839] l3cfg[9dff8f7e87062006,ifindex=2]: IP configuration changed (mark dirty): configuration removed
мая 19 18:07:30 alex-virtualbox NetworkManager[4034]: <trace> [1779203250.3839] l3cfg[9dff8f7e87062006,ifindex=2]: schedule commit on idle (auto)
мая 19 18:07:30 alex-virtualbox NetworkManager[4034]: <trace> [1779203250.3839] l3cfg[9dff8f7e87062006,ifindex=2]: IP configuration changed (mark dirty): configuration removed
мая 19 18:07:30 alex-virtualbox NetworkManager[4034]: <trace> [1779203250.3840] l3cfg[9dff8f7e87062006,ifindex=2]: IP configuration changed (mark dirty): configuration removed
мая 19 18:07:30 alex-virtualbox NetworkManager[4034]: <debug> [1779203250.3840] manager: connectivity checking indicates UNKNOWN
мая 19 18:07:30 alex-virtualbox NetworkManager[4034]: <info>  [1779203250.3840] manager: NetworkManager state is now CONNECTED_SITE
мая 19 18:07:30 alex-virtualbox NetworkManager[4034]: <trace> [1779203250.3841] dbus-object[2a0208b3b733bc00]: unexport: "/org/freedesktop/NetworkManager/Devices/2"
мая 19 18:07:30 alex-virtualbox NetworkManager[4034]: <trace> [1779203250.3957] config: state: success writing state file "/var/lib/NetworkManager/NetworkManager.state"
мая 19 18:07:30 alex-virtualbox NetworkManager[4034]: <info>  [1779203250.3971] exiting (success)
мая 19 18:07:30 alex-virtualbox NetworkManager[4034]: <debug> [1779203250.3975] disposing NMAuditManager singleton (d57f196123a23af0)
мая 19 18:07:30 alex-virtualbox NetworkManager[4034]: <debug> [1779203250.3975] disown NMPacrunnerManager singleton (582c20ea13617651)
мая 19 18:07:30 alex-virtualbox NetworkManager[4034]: <debug> [1779203250.3975] disown NMVpnManager singleton (b66086dd12238e7c)
мая 19 18:07:30 alex-virtualbox NetworkManager[4034]: <debug> [1779203250.3975] disposing NMDhcpManager singleton (428839bda3330bc6)
мая 19 18:07:30 alex-virtualbox NetworkManager[4034]: <debug> [1779203250.3975] disposing NMOvsdb singleton (e131171c42851843)
мая 19 18:07:30 alex-virtualbox NetworkManager[4034]: <debug> [1779203250.3976] disposing NMModemManager singleton (2a191b588285eef1)
мая 19 18:07:30 alex-virtualbox NetworkManager[4034]: <debug> [1779203250.3976] disown NMConnectivity singleton (3384c923f887e7d7)
мая 19 18:07:30 alex-virtualbox NetworkManager[4034]: <debug> [1779203250.3976] disown NMManager singleton (88fa57a403481d0e)
мая 19 18:07:30 alex-virtualbox NetworkManager[4034]: <debug> [1779203250.3976] disown NMDnsManager singleton (b4d463850c5e21f6)
мая 19 18:07:30 alex-virtualbox NetworkManager[4034]: <debug> [1779203250.3976] disown NMFirewalldManager singleton (e9e90c924c940db7)
мая 19 18:07:30 alex-virtualbox NetworkManager[4034]: <debug> [1779203250.3976] disown NMHostnameManager singleton (f4602c1771606323)
мая 19 18:07:30 alex-virtualbox NetworkManager[4034]: <debug> [1779203250.3976] disown NMAgentManager singleton (93418d1aed62f918)
мая 19 18:07:30 alex-virtualbox NetworkManager[4034]: <debug> [1779203250.3977] disown NMSessionMonitor singleton (6c3db6594ef27aa2)
мая 19 18:07:30 alex-virtualbox NetworkManager[4034]: <debug> [1779203250.3977] disown NMAuthManager singleton (a7a321bdbaa50c43)
мая 19 18:07:30 alex-virtualbox NetworkManager[4034]: <debug> [1779203250.3977] disown NMNetns singleton (1139a3d9e71590e2)
мая 19 18:07:30 alex-virtualbox NetworkManager[4034]: <debug> [1779203250.3977] disown NMLinuxPlatform singleton (7aac59b99932b419)
мая 19 18:07:30 alex-virtualbox NetworkManager[4034]: <debug> [1779203250.3977] disown NMDBusManager singleton (588dc1499329b59c)
мая 19 18:07:30 alex-virtualbox NetworkManager[4034]: <debug> [1779203250.3977] disown NMConfig singleton (93f9cfcea7b28d12)
мая 19 18:07:30 alex-virtualbox systemd[1]: NetworkManager.service: Deactivated successfully.
мая 19 18:07:30 alex-virtualbox systemd[1]: Stopped Network Manager.
мая 19 18:07:30 alex-virtualbox systemd[1]: Starting Network Manager...
мая 19 18:07:30 alex-virtualbox NetworkManager[4283]: <info>  [1779203250.4339] NetworkManager (version 1.56.0-1) is starting... (after a restart, boot:cae310f3-39de-4f9b-9540-99a914fdfbea)
мая 19 18:07:30 alex-virtualbox NetworkManager[4283]: <info>  [1779203250.4339] Read config: /etc/NetworkManager/NetworkManager.conf, /usr/lib/NetworkManager/conf.d/20-connectivity.conf
мая 19 18:07:30 alex-virtualbox NetworkManager[4283]: <info>  [1779203250.4364] manager[0x55a653cc5020]: monitoring kernel firmware directory '/lib/firmware'.
мая 19 18:07:30 alex-virtualbox NetworkManager[4283]: <info>  [1779203250.4702] hostname: hostname: using hostnamed
мая 19 18:07:30 alex-virtualbox NetworkManager[4283]: <info>  [1779203250.4702] hostname: static hostname changed from (none) to "alex-virtualbox"
мая 19 18:07:30 alex-virtualbox NetworkManager[4283]: <info>  [1779203250.4704] dns-mgr: init: dns=default,systemd-resolved rc-manager=symlink
мая 19 18:07:30 alex-virtualbox NetworkManager[4283]: <info>  [1779203250.4705] manager[0x55a653cc5020]: rfkill: Wi-Fi hardware radio set enabled
мая 19 18:07:30 alex-virtualbox NetworkManager[4283]: <info>  [1779203250.4705] manager[0x55a653cc5020]: rfkill: WWAN hardware radio set enabled
мая 19 18:07:30 alex-virtualbox NetworkManager[4283]: <info>  [1779203250.4717] Loaded device plugin: NMAtmManager (/usr/lib/NetworkManager/1.56.0-1/libnm-device-plugin-adsl.so)
мая 19 18:07:30 alex-virtualbox NetworkManager[4283]: <info>  [1779203250.4723] Loaded device plugin: NMBluezManager (/usr/lib/NetworkManager/1.56.0-1/libnm-device-plugin-bluetooth.so)
мая 19 18:07:30 alex-virtualbox NetworkManager[4283]: <info>  [1779203250.4725] Loaded device plugin: NMOvsFactory (/usr/lib/NetworkManager/1.56.0-1/libnm-device-plugin-ovs.so)
мая 19 18:07:30 alex-virtualbox NetworkManager[4283]: <info>  [1779203250.4766] Loaded device plugin: NMTeamFactory (/usr/lib/NetworkManager/1.56.0-1/libnm-device-plugin-team.so)
мая 19 18:07:30 alex-virtualbox NetworkManager[4283]: <info>  [1779203250.4767] Loaded device plugin: NMWifiFactory (/usr/lib/NetworkManager/1.56.0-1/libnm-device-plugin-wifi.so)
мая 19 18:07:30 alex-virtualbox NetworkManager[4283]: <info>  [1779203250.4768] Loaded device plugin: NMWwanFactory (/usr/lib/NetworkManager/1.56.0-1/libnm-device-plugin-wwan.so)
мая 19 18:07:30 alex-virtualbox NetworkManager[4283]: <info>  [1779203250.4769] manager: rfkill: Wi-Fi enabled by radio killswitch; enabled by state file
мая 19 18:07:30 alex-virtualbox NetworkManager[4283]: <info>  [1779203250.4769] manager: rfkill: WWAN enabled by radio killswitch; enabled by state file
мая 19 18:07:30 alex-virtualbox NetworkManager[4283]: <info>  [1779203250.4770] manager: Networking is enabled by state file
мая 19 18:07:30 alex-virtualbox NetworkManager[4283]: <info>  [1779203250.4770] settings: Loaded settings plugin: keyfile (internal)
мая 19 18:07:30 alex-virtualbox NetworkManager[4283]: <info>  [1779203250.4782] dhcp: init: Using DHCP client 'internal'
мая 19 18:07:30 alex-virtualbox NetworkManager[4283]: <info>  [1779203250.4783] manager: (lo): new Loopback device (/org/freedesktop/NetworkManager/Devices/1)
мая 19 18:07:30 alex-virtualbox NetworkManager[4283]: <info>  [1779203250.4784] device (lo): state change: unmanaged -> unavailable (reason 'connection-assumed', managed-type: 'external')
мая 19 18:07:30 alex-virtualbox NetworkManager[4283]: <info>  [1779203250.4786] device (lo): state change: unavailable -> disconnected (reason 'connection-assumed', managed-type: 'external')
мая 19 18:07:30 alex-virtualbox NetworkManager[4283]: <info>  [1779203250.4788] device (lo): Activation: starting connection 'lo' (f00c6a82-2573-49fd-9473-dec5fef1fec8)
мая 19 18:07:30 alex-virtualbox NetworkManager[4283]: <info>  [1779203250.4790] device (enp0s3): carrier: link connected
мая 19 18:07:30 alex-virtualbox NetworkManager[4283]: <info>  [1779203250.4791] manager: (enp0s3): new Ethernet device (/org/freedesktop/NetworkManager/Devices/2)
мая 19 18:07:30 alex-virtualbox NetworkManager[4283]: <info>  [1779203250.4793] manager: (enp0s3): assume: will attempt to assume matching connection 'Wired connection 1' (b1bde0df-5949-3b71-99da-b76437bcfe60) (indicated)
мая 19 18:07:30 alex-virtualbox NetworkManager[4283]: <info>  [1779203250.4793] device (enp0s3): state change: unmanaged -> unavailable (reason 'connection-assumed', managed-type: 'assume')
мая 19 18:07:30 alex-virtualbox NetworkManager[4283]: <info>  [1779203250.4798] device (enp0s3): state change: unavailable -> disconnected (reason 'connection-assumed', managed-type: 'assume')
мая 19 18:07:30 alex-virtualbox NetworkManager[4283]: <info>  [1779203250.4808] device (enp0s3): Activation: starting connection 'Wired connection 1' (b1bde0df-5949-3b71-99da-b76437bcfe60)
мая 19 18:07:30 alex-virtualbox NetworkManager[4283]: <info>  [1779203250.4812] bus-manager: acquired D-Bus service "org.freedesktop.NetworkManager"
мая 19 18:07:30 alex-virtualbox systemd[1]: Started Network Manager.
мая 19 18:07:30 alex-virtualbox NetworkManager[4283]: <info>  [1779203250.4836] ovsdb: disconnected from ovsdb
мая 19 18:07:30 alex-virtualbox NetworkManager[4283]: <info>  [1779203250.4837] device (lo): state change: disconnected -> prepare (reason 'none', managed-type: 'external')
мая 19 18:07:30 alex-virtualbox NetworkManager[4283]: <info>  [1779203250.4839] device (lo): state change: prepare -> config (reason 'none', managed-type: 'external')
мая 19 18:07:30 alex-virtualbox NetworkManager[4283]: <info>  [1779203250.4839] device (lo): state change: config -> ip-config (reason 'none', managed-type: 'external')
мая 19 18:07:30 alex-virtualbox NetworkManager[4283]: <info>  [1779203250.4840] device (enp0s3): state change: disconnected -> prepare (reason 'none', managed-type: 'assume')
мая 19 18:07:30 alex-virtualbox NetworkManager[4283]: <info>  [1779203250.4841] device (enp0s3): state change: prepare -> config (reason 'none', managed-type: 'assume')
мая 19 18:07:30 alex-virtualbox NetworkManager[4283]: <info>  [1779203250.4843] device (lo): state change: ip-config -> ip-check (reason 'none', managed-type: 'external')
мая 19 18:07:30 alex-virtualbox NetworkManager[4283]: <info>  [1779203250.4847] device (enp0s3): state change: config -> ip-config (reason 'none', managed-type: 'assume')
мая 19 18:07:30 alex-virtualbox NetworkManager[4283]: <info>  [1779203250.4848] dhcp4 (enp0s3): activation: beginning transaction (timeout in 45 seconds)
мая 19 18:07:30 alex-virtualbox NetworkManager[4283]: <info>  [1779203250.4855] modem-manager: ModemManager available
мая 19 18:07:30 alex-virtualbox NetworkManager[4283]: <info>  [1779203250.4857] device (lo): state change: ip-check -> secondaries (reason 'none', managed-type: 'external')
мая 19 18:07:30 alex-virtualbox NetworkManager[4283]: <info>  [1779203250.4868] device (lo): state change: secondaries -> activated (reason 'none', managed-type: 'external')
мая 19 18:07:30 alex-virtualbox NetworkManager[4283]: <info>  [1779203250.4877] device (lo): Activation: successful, device activated.
мая 19 18:07:30 alex-virtualbox NetworkManager[4283]: <info>  [1779203250.5059] agent-manager: agent[09d299bd55eca638,:1.31/org.kde.plasma.networkmanagement/1000]: agent registered
мая 19 18:07:30 alex-virtualbox NetworkManager[4283]: <info>  [1779203250.5118] audit: op="connections-reload" pid=4298 uid=0 result="success"
мая 19 18:07:30 alex-virtualbox NetworkManager[4283]: <info>  [1779203250.5680] dhcp4 (enp0s3): state changed new lease, address=192.168.0.105, acd pending
мая 19 18:07:30 alex-virtualbox NetworkManager[4283]: <info>  [1779203250.5686] dhcp4 (enp0s3): state changed new lease, address=192.168.0.105
мая 19 18:07:30 alex-virtualbox NetworkManager[4283]: <info>  [1779203250.5692] policy: set 'Wired connection 1' (enp0s3) as default for IPv4 routing and DNS
мая 19 18:07:30 alex-virtualbox NetworkManager[4283]: <info>  [1779203250.5752] device (enp0s3): state change: ip-config -> ip-check (reason 'none', managed-type: 'assume')
мая 19 18:07:30 alex-virtualbox NetworkManager[4283]: <info>  [1779203250.5762] device (enp0s3): state change: ip-check -> secondaries (reason 'none', managed-type: 'assume')
мая 19 18:07:30 alex-virtualbox NetworkManager[4283]: <info>  [1779203250.5764] device (enp0s3): state change: secondaries -> activated (reason 'none', managed-type: 'assume')
мая 19 18:07:30 alex-virtualbox NetworkManager[4283]: <info>  [1779203250.5766] manager: NetworkManager state is now CONNECTED_SITE
мая 19 18:07:30 alex-virtualbox NetworkManager[4283]: <info>  [1779203250.5767] device (enp0s3): Activation: successful, device activated.
мая 19 18:07:30 alex-virtualbox NetworkManager[4283]: <info>  [1779203250.5769] manager: startup complete
мая 19 18:07:30 alex-virtualbox NetworkManager[4283]: <info>  [1779203250.5780] manager: NetworkManager state is now CONNECTED_GLOBAL
мая 19 18:08:13 alex-virtualbox NetworkManager[4283]: <info>  [1779203293.8098] agent-manager: agent[d1d2365fabac95f1,:1.173/nmcli-connect/0]: agent registered
мая 19 18:08:13 alex-virtualbox NetworkManager[4283]: <info>  [1779203293.8105] vpn[0x55a653dfa2d0,11111111-2222-3333-4444-555555555555,"helloworld-vpn"]: starting helloworld
мая 19 18:08:13 alex-virtualbox NetworkManager[4283]: <info>  [1779203293.8106] audit: op="connection-activate" uuid="11111111-2222-3333-4444-555555555555" name="helloworld-vpn" pid=4388 uid=0 result="success"
мая 19 18:08:13 alex-virtualbox NetworkManager[4394]: 2026-05-19 18:08:13 helloworld vpn dbus service started
мая 19 18:08:13 alex-virtualbox NetworkManager[4394]: 2026-05-19 18:08:13 NeedSecrets() called
мая 19 18:08:13 alex-virtualbox NetworkManager[4394]: 2026-05-19 18:08:13 NeedSecrets connection: dbus.Dictionary({dbus.String('connection'): dbus.Dictionary({dbus.String('autoconnect'): dbus.Boolean(False, variant_level=1), dbus.String('id'): dbus.String('helloworld-vpn', variant_level=1), dbus.String('permissions'): dbus.Array([], signature=dbus.Signature('s'), variant_level=1), dbus.String('type'): dbus.String('vpn', variant_level=1), dbus.String('uuid'): dbus.String('11111111-2222-3333-4444-555555555555', variant_level=1)}, signature=dbus.Signature('sv')), dbus.String('vpn'): dbus.Dictionary({dbus.String('data'): dbus.Dictionary({dbus.String('gateway'): dbus.String('hello.invalid'), dbus.String('hello'): dbus.String('world')}, signature=dbus.Signature('ss'), variant_level=1), dbus.String('secrets'): dbus.Dictionary({}, signature=dbus.Signature('ss'), variant_level=1), dbus.String('service-type'): dbus.String('org.freedesktop.NetworkManager.helloworld', variant_level=1)}, signature=dbus.Signature('sv')), dbus.String('ipv4'): dbus.Dictionary({dbus.String('address-data'): dbus.Array([], signature=dbus.Signature('a{sv}'), variant_level=1), dbus.String('addresses'): dbus.Array([], signature=dbus.Signature('au'), variant_level=1), dbus.String('method'): dbus.String('auto', variant_level=1), dbus.String('route-data'): dbus.Array([], signature=dbus.Signature('a{sv}'), variant_level=1), dbus.String('routes'): dbus.Array([], signature=dbus.Signature('au'), variant_level=1)}, signature=dbus.Signature('sv')), dbus.String('ipv6'): dbus.Dictionary({dbus.String('addr-gen-mode'): dbus.Int32(2, variant_level=1), dbus.String('address-data'): dbus.Array([], signature=dbus.Signature('a{sv}'), variant_level=1), dbus.String('addresses'): dbus.Array([], signature=dbus.Signature('(ayuay)'), variant_level=1), dbus.String('method'): dbus.String('ignore', variant_level=1), dbus.String('route-data'): dbus.Array([], signature=dbus.Signature('a{sv}'), variant_level=1), dbus.String('routes'): dbus.Array([], signature=dbus.Signature('(ayuayu)'), variant_level=1)}, signature=dbus.Signature('sv')), dbus.String('proxy'): dbus.Dictionary({}, signature=dbus.Signature('sv'))}, signature=dbus.Signature('sa{sv}'))
мая 19 18:08:13 alex-virtualbox NetworkManager[4394]: 2026-05-19 18:08:13 ConnectInteractive() called
мая 19 18:08:13 alex-virtualbox NetworkManager[4394]: 2026-05-19 18:08:13 ConnectInteractive details: dbus.Dictionary({}, signature=dbus.Signature('sv'))
мая 19 18:08:13 alex-virtualbox NetworkManager[4394]: 2026-05-19 18:08:13 Connect() called
мая 19 18:08:13 alex-virtualbox NetworkManager[4394]: 2026-05-19 18:08:13 Connect connection: dbus.Dictionary({dbus.String('connection'): dbus.Dictionary({dbus.String('autoconnect'): dbus.Boolean(False, variant_level=1), dbus.String('id'): dbus.String('helloworld-vpn', variant_level=1), dbus.String('permissions'): dbus.Array([], signature=dbus.Signature('s'), variant_level=1), dbus.String('type'): dbus.String('vpn', variant_level=1), dbus.String('uuid'): dbus.String('11111111-2222-3333-4444-555555555555', variant_level=1)}, signature=dbus.Signature('sv')), dbus.String('vpn'): dbus.Dictionary({dbus.String('data'): dbus.Dictionary({dbus.String('gateway'): dbus.String('hello.invalid'), dbus.String('hello'): dbus.String('world')}, signature=dbus.Signature('ss'), variant_level=1), dbus.String('secrets'): dbus.Dictionary({}, signature=dbus.Signature('ss'), variant_level=1), dbus.String('service-type'): dbus.String('org.freedesktop.NetworkManager.helloworld', variant_level=1)}, signature=dbus.Signature('sv')), dbus.String('ipv4'): dbus.Dictionary({dbus.String('address-data'): dbus.Array([], signature=dbus.Signature('a{sv}'), variant_level=1), dbus.String('addresses'): dbus.Array([], signature=dbus.Signature('au'), variant_level=1), dbus.String('method'): dbus.String('auto', variant_level=1), dbus.String('route-data'): dbus.Array([], signature=dbus.Signature('a{sv}'), variant_level=1), dbus.String('routes'): dbus.Array([], signature=dbus.Signature('au'), variant_level=1)}, signature=dbus.Signature('sv')), dbus.String('ipv6'): dbus.Dictionary({dbus.String('addr-gen-mode'): dbus.Int32(2, variant_level=1), dbus.String('address-data'): dbus.Array([], signature=dbus.Signature('a{sv}'), variant_level=1), dbus.String('addresses'): dbus.Array([], signature=dbus.Signature('(ayuay)'), variant_level=1), dbus.String('method'): dbus.String('ignore', variant_level=1), dbus.String('route-data'): dbus.Array([], signature=dbus.Signature('a{sv}'), variant_level=1), dbus.String('routes'): dbus.Array([], signature=dbus.Signature('(ayuayu)'), variant_level=1)}, signature=dbus.Signature('sv')), dbus.String('proxy'): dbus.Dictionary({}, signature=dbus.Signature('sv'))}, signature=dbus.Signature('sa{sv}'))
мая 19 18:08:13 alex-virtualbox NetworkManager[4394]: 2026-05-19 18:08:13 finish_connect()
мая 19 18:08:13 alex-virtualbox NetworkManager[4394]: 2026-05-19 18:08:13 ensure_tun(hello-vpn0)
мая 19 18:08:13 alex-virtualbox NetworkManager[4394]: 2026-05-19 18:08:13 RUN: ip link show hello-vpn0
мая 19 18:08:13 alex-virtualbox NetworkManager[4394]: 2026-05-19 18:08:13 STDERR: Device "hello-vpn0" does not exist.
мая 19 18:08:13 alex-virtualbox NetworkManager[4394]: 2026-05-19 18:08:13 RUN: ip tuntap del dev hello-vpn0 mode tun
мая 19 18:08:13 alex-virtualbox NetworkManager[4283]: <info>  [1779203293.9836] manager: (hello-vpn0): new Tun device (/org/freedesktop/NetworkManager/Devices/3)
мая 19 18:08:13 alex-virtualbox NetworkManager[4394]: 2026-05-19 18:08:13 RUN: ip tuntap add dev hello-vpn0 mode tun
мая 19 18:08:13 alex-virtualbox NetworkManager[4283]: <info>  [1779203293.9922] manager: (hello-vpn0): new Tun device (/org/freedesktop/NetworkManager/Devices/4)
мая 19 18:08:13 alex-virtualbox NetworkManager[4394]: 2026-05-19 18:08:13 RUN: ip link set hello-vpn0 up
мая 19 18:08:13 alex-virtualbox NetworkManager[4394]: 2026-05-19 18:08:13 TUN interface hello-vpn0 created
мая 19 18:08:13 alex-virtualbox NetworkManager[4394]: 2026-05-19 18:08:13 emit Config: dbus.Dictionary({'tundev': dbus.String('hello-vpn0'), 'gateway': dbus.String('127.0.0.1'), 'has-ip4': dbus.Boolean(True), 'has-ip6': dbus.Boolean(False)}, signature=dbus.Signature('sv'))
мая 19 18:08:13 alex-virtualbox NetworkManager[4394]: 2026-05-19 18:08:13 emit Ip4Config: dbus.Dictionary({'address': dbus.UInt32(33619722), 'gateway': dbus.UInt32(16842506), 'ptp': dbus.UInt32(16842506), 'prefix': dbus.UInt32(24), 'dns': dbus.Array([dbus.UInt32(16843009), dbus.UInt32(134744072)], signature=dbus.Signature('u')), 'domains': dbus.Array([dbus.String('~helloworld')], signature=dbus.Signature('s'))}, signature=dbus.Signature('sv'))
мая 19 18:08:13 alex-virtualbox NetworkManager[4394]: 2026-05-19 18:08:13 VPN marked as STARTED
мая 19 18:08:13 alex-virtualbox NetworkManager[4283]: <warn>  [1779203293.9962] vpn[0x55a653dfa2d0,11111111-2222-3333-4444-555555555555,"helloworld-vpn",if:15,dev:2:(hello-vpn0)]: config: no VPN gateway address received
мая 19 18:08:13 alex-virtualbox NetworkManager[4283]: <warn>  [1779203293.9965] vpn[0x55a653dfa2d0,11111111-2222-3333-4444-555555555555,"helloworld-vpn",if:15,dev:2:(hello-vpn0)]: did not receive valid IP config information
мая 19 18:08:13 alex-virtualbox NetworkManager[4394]: 2026-05-19 18:08:13 Disconnect() called
мая 19 18:08:13 alex-virtualbox NetworkManager[4394]: 2026-05-19 18:08:13 delete_tun(hello-vpn0)
мая 19 18:08:13 alex-virtualbox NetworkManager[4394]: 2026-05-19 18:08:13 RUN: ip link set hello-vpn0 down
мая 19 18:08:13 alex-virtualbox NetworkManager[4394]: 2026-05-19 18:08:13 RUN: ip tuntap del dev hello-vpn0 mode tun
мая 19 18:08:14 alex-virtualbox NetworkManager[4394]: 2026-05-19 18:08:14 TUN interface hello-vpn0 deleted
мая 19 18:08:14 alex-virtualbox NetworkManager[4394]: 2026-05-19 18:08:14 quit_loop()
